2026-04-04 10:38:51,600 - aqt.helper - DEBUG - helper 10488 Attempt to download checksum at https://download.qt.io/online/qtsdkrepository/windows_x86/desktop/qt6_690/qt6_690/Updates.xml.sha256
2026-04-04 10:38:52,245 - aqt.helper - DEBUG - helper 10488 Attempt to download checksum at https://download.qt.io/online/qtsdkrepository/windows_x86/extensions/qtpdf/690/msvc2022_64/Updates.xml.sha256
2026-04-04 10:38:52,762 - aqt.helper - DEBUG - helper 10488 Attempt to download checksum at https://download.qt.io/online/qtsdkrepository/windows_x86/extensions/qtwebengine/690/msvc2022_64/Updates.xml.sha256
2026-04-04 10:39:05,242 - aqt.main - INFO - installer 27512 aqtinstall(aqt) v3.3.0 on Python 3.13.3 [CPython MSC v.1943 64 bit (AMD64)]
2026-04-04 10:39:05,252 - aqt.helper - DEBUG - helper 27512 Attempt to download checksum at https://download.qt.io/online/qtsdkrepository/windows_x86/desktop/qt6_690/qt6_690/Updates.xml.sha256
2026-04-04 10:39:05,833 - aqt.helper - DEBUG - helper 27512 Attempt to download checksum at https://download.qt.io/online/qtsdkrepository/windows_x86/extensions/qtwebengine/690/msvc2022_64/Updates.xml.sha256
2026-04-04 10:39:06,359 - aqt.archives - INFO - archives 27512 Found extension qtwebengine
2026-04-04 10:39:06,359 - aqt.helper - DEBUG - helper 27512 Attempt to download checksum at https://download.qt.io/online/qtsdkrepository/windows_x86/extensions/qtpdf/690/msvc2022_64/Updates.xml.sha256
2026-04-04 10:39:06,867 - aqt.archives - INFO - archives 27512 Found extension qtpdf
2026-04-04 10:39:07,886 - aqt.helper - DEBUG - helper 4120 Attempt to download checksum at https://download.qt.io/online/qtsdkrepository/windows_x86/desktop/qt6_690/qt6_690/qt.qt6.690.addons.qt5compat.win64_msvc2022_64/6.9.0-0-202503301022qt5compat-Windows-Windows_11_23H2-MSVC2022-Windows-Windows_11_23H2-X86_64.7z.sha256
2026-04-04 10:39:07,890 - aqt.helper - DEBUG - helper 29832 Attempt to download checksum at https://download.qt.io/online/qtsdkrepository/windows_x86/desktop/qt6_690/qt6_690/qt.qt6.690.addons.qtimageformats.win64_msvc2022_64/6.9.0-0-202503301022qtimageformats-Windows-Windows_11_23H2-MSVC2022-Windows-Windows_11_23H2-X86_64.7z.sha256
2026-04-04 10:39:07,890 - aqt.helper - DEBUG - helper 27108 Attempt to download checksum at https://download.qt.io/online/qtsdkrepository/windows_x86/desktop/qt6_690/qt6_690/qt.qt6.690.win64_msvc2022_64/6.9.0-0-202503301022qtbase-Windows-Windows_11_23H2-MSVC2022-Windows-Windows_11_23H2-X86_64.7z.sha256
2026-04-04 10:39:07,891 - aqt.helper - DEBUG - helper 12008 Attempt to download checksum at https://download.qt.io/online/qtsdkrepository/windows_x86/desktop/qt6_690/qt6_690/qt.qt6.690.addons.qtwebsockets.win64_msvc2022_64/6.9.0-0-202503301022qtwebsockets-Windows-Windows_11_23H2-MSVC2022-Windows-Windows_11_23H2-X86_64.7z.sha256
2026-04-04 10:39:08,135 - aqt.helper - INFO - helper 27108 Downloading qtbase...
2026-04-04 10:39:08,135 - aqt.installer - DEBUG - installer 27108 Download URL: https://download.qt.io/online/qtsdkrepository/windows_x86/desktop/qt6_690/qt6_690/qt.qt6.690.win64_msvc2022_64/6.9.0-0-202503301022qtbase-Windows-Windows_11_23H2-MSVC2022-Windows-Windows_11_23H2-X86_64.7z
2026-04-04 10:39:08,163 - aqt.helper - INFO - helper 12008 Downloading qtwebsockets...
2026-04-04 10:39:08,163 - aqt.installer - DEBUG - installer 12008 Download URL: https://download.qt.io/online/qtsdkrepository/windows_x86/desktop/qt6_690/qt6_690/qt.qt6.690.addons.qtwebsockets.win64_msvc2022_64/6.9.0-0-202503301022qtwebsockets-Windows-Windows_11_23H2-MSVC2022-Windows-Windows_11_23H2-X86_64.7z
2026-04-04 10:39:08,171 - aqt.helper - INFO - helper 4120 Downloading qt5compat...
2026-04-04 10:39:08,171 - aqt.installer - DEBUG - installer 4120 Download URL: https://download.qt.io/online/qtsdkrepository/windows_x86/desktop/qt6_690/qt6_690/qt.qt6.690.addons.qt5compat.win64_msvc2022_64/6.9.0-0-202503301022qt5compat-Windows-Windows_11_23H2-MSVC2022-Windows-Windows_11_23H2-X86_64.7z
2026-04-04 10:39:08,173 - aqt.helper - INFO - helper 29832 Downloading qtimageformats...
2026-04-04 10:39:08,173 - aqt.installer - DEBUG - installer 29832 Download URL: https://download.qt.io/online/qtsdkrepository/windows_x86/desktop/qt6_690/qt6_690/qt.qt6.690.addons.qtimageformats.win64_msvc2022_64/6.9.0-0-202503301022qtimageformats-Windows-Windows_11_23H2-MSVC2022-Windows-Windows_11_23H2-X86_64.7z
2026-04-04 10:39:08,379 - aqt.helper - DEBUG - helper 27108 Asked to redirect(302) to: https://www.nic.funet.fi/pub/mirrors/download.qt-project.org/online/qtsdkrepository/windows_x86/desktop/qt6_690/qt6_690/qt.qt6.690.win64_msvc2022_64/6.9.0-0-202503301022qtbase-Windows-Windows_11_23H2-MSVC2022-Windows-Windows_11_23H2-X86_64.7z
2026-04-04 10:39:08,380 - aqt.helper - INFO - helper 27108 Redirected: www.nic.funet.fi
2026-04-04 10:39:08,407 - aqt.helper - DEBUG - helper 12008 Asked to redirect(302) to: https://www.nic.funet.fi/pub/mirrors/download.qt-project.org/online/qtsdkrepository/windows_x86/desktop/qt6_690/qt6_690/qt.qt6.690.addons.qtwebsockets.win64_msvc2022_64/6.9.0-0-202503301022qtwebsockets-Windows-Windows_11_23H2-MSVC2022-Windows-Windows_11_23H2-X86_64.7z
2026-04-04 10:39:08,407 - aqt.helper - INFO - helper 12008 Redirected: www.nic.funet.fi
2026-04-04 10:39:08,424 - aqt.helper - DEBUG - helper 4120 Asked to redirect(302) to: https://www.nic.funet.fi/pub/mirrors/download.qt-project.org/online/qtsdkrepository/windows_x86/desktop/qt6_690/qt6_690/qt.qt6.690.addons.qt5compat.win64_msvc2022_64/6.9.0-0-202503301022qt5compat-Windows-Windows_11_23H2-MSVC2022-Windows-Windows_11_23H2-X86_64.7z
2026-04-04 10:39:08,424 - aqt.helper - INFO - helper 4120 Redirected: www.nic.funet.fi
2026-04-04 10:39:08,424 - aqt.helper - DEBUG - helper 29832 Asked to redirect(302) to: https://www.nic.funet.fi/pub/mirrors/download.qt-project.org/online/qtsdkrepository/windows_x86/desktop/qt6_690/qt6_690/qt.qt6.690.addons.qtimageformats.win64_msvc2022_64/6.9.0-0-202503301022qtimageformats-Windows-Windows_11_23H2-MSVC2022-Windows-Windows_11_23H2-X86_64.7z
2026-04-04 10:39:08,424 - aqt.helper - INFO - helper 29832 Redirected: www.nic.funet.fi
2026-04-04 10:39:09,012 - aqt.installer - INFO - installer 12008 Finished installation of qtwebsockets-Windows-Windows_11_23H2-MSVC2022-Windows-Windows_11_23H2-X86_64.7z in 1.12393630
2026-04-04 10:39:09,025 - aqt.helper - DEBUG - helper 12008 Attempt to download checksum at https://download.qt.io/online/qtsdkrepository/windows_x86/desktop/qt6_690/qt6_690/qt.qt6.690.win64_msvc2022_64/6.9.0-0-202503301022qtsvg-Windows-Windows_11_23H2-MSVC2022-Windows-Windows_11_23H2-X86_64.7z.sha256
2026-04-04 10:39:09,096 - aqt.installer - INFO - installer 29832 Finished installation of qtimageformats-Windows-Windows_11_23H2-MSVC2022-Windows-Windows_11_23H2-X86_64.7z in 1.20846040
2026-04-04 10:39:09,108 - aqt.helper - DEBUG - helper 29832 Attempt to download checksum at https://download.qt.io/online/qtsdkrepository/windows_x86/desktop/qt6_690/qt6_690/qt.qt6.690.win64_msvc2022_64/6.9.0-0-202503301022qtdeclarative-Windows-Windows_11_23H2-MSVC2022-Windows-Windows_11_23H2-X86_64.7z.sha256
2026-04-04 10:39:09,224 - aqt.installer - INFO - installer 4120 Finished installation of qt5compat-Windows-Windows_11_23H2-MSVC2022-Windows-Windows_11_23H2-X86_64.7z in 1.34035430
2026-04-04 10:39:09,234 - aqt.helper - DEBUG - helper 4120 Attempt to download checksum at https://download.qt.io/online/qtsdkrepository/windows_x86/desktop/qt6_690/qt6_690/qt.qt6.690.win64_msvc2022_64/6.9.0-0-202503301022qttools-Windows-Windows_11_23H2-MSVC2022-Windows-Windows_11_23H2-X86_64.7z.sha256
2026-04-04 10:39:09,289 - aqt.helper - INFO - helper 12008 Downloading qtsvg...
2026-04-04 10:39:09,289 - aqt.installer - DEBUG - installer 12008 Download URL: https://download.qt.io/online/qtsdkrepository/windows_x86/desktop/qt6_690/qt6_690/qt.qt6.690.win64_msvc2022_64/6.9.0-0-202503301022qtsvg-Windows-Windows_11_23H2-MSVC2022-Windows-Windows_11_23H2-X86_64.7z
2026-04-04 10:39:09,379 - aqt.helper - INFO - helper 29832 Downloading qtdeclarative...
2026-04-04 10:39:09,379 - aqt.installer - DEBUG - installer 29832 Download URL: https://download.qt.io/online/qtsdkrepository/windows_x86/desktop/qt6_690/qt6_690/qt.qt6.690.win64_msvc2022_64/6.9.0-0-202503301022qtdeclarative-Windows-Windows_11_23H2-MSVC2022-Windows-Windows_11_23H2-X86_64.7z
2026-04-04 10:39:09,484 - aqt.helper - INFO - helper 4120 Downloading qttools...
2026-04-04 10:39:09,485 - aqt.installer - DEBUG - installer 4120 Download URL: https://download.qt.io/online/qtsdkrepository/windows_x86/desktop/qt6_690/qt6_690/qt.qt6.690.win64_msvc2022_64/6.9.0-0-202503301022qttools-Windows-Windows_11_23H2-MSVC2022-Windows-Windows_11_23H2-X86_64.7z
2026-04-04 10:39:09,543 - aqt.helper - DEBUG - helper 12008 Asked to redirect(302) to: https://www.nic.funet.fi/pub/mirrors/download.qt-project.org/online/qtsdkrepository/windows_x86/desktop/qt6_690/qt6_690/qt.qt6.690.win64_msvc2022_64/6.9.0-0-202503301022qtsvg-Windows-Windows_11_23H2-MSVC2022-Windows-Windows_11_23H2-X86_64.7z
2026-04-04 10:39:09,543 - aqt.helper - INFO - helper 12008 Redirected: www.nic.funet.fi
2026-04-04 10:39:09,616 - aqt.helper - DEBUG - helper 29832 Asked to redirect(302) to: https://www.nic.funet.fi/pub/mirrors/download.qt-project.org/online/qtsdkrepository/windows_x86/desktop/qt6_690/qt6_690/qt.qt6.690.win64_msvc2022_64/6.9.0-0-202503301022qtdeclarative-Windows-Windows_11_23H2-MSVC2022-Windows-Windows_11_23H2-X86_64.7z
2026-04-04 10:39:09,616 - aqt.helper - INFO - helper 29832 Redirected: www.nic.funet.fi
2026-04-04 10:39:09,747 - aqt.helper - DEBUG - helper 4120 Asked to redirect(302) to: https://www.nic.funet.fi/pub/mirrors/download.qt-project.org/online/qtsdkrepository/windows_x86/desktop/qt6_690/qt6_690/qt.qt6.690.win64_msvc2022_64/6.9.0-0-202503301022qttools-Windows-Windows_11_23H2-MSVC2022-Windows-Windows_11_23H2-X86_64.7z
2026-04-04 10:39:09,747 - aqt.helper - INFO - helper 4120 Redirected: www.nic.funet.fi
2026-04-04 10:39:10,252 - aqt.installer - INFO - installer 12008 Finished installation of qtsvg-Windows-Windows_11_23H2-MSVC2022-Windows-Windows_11_23H2-X86_64.7z in 1.22891670
2026-04-04 10:39:10,266 - aqt.helper - DEBUG - helper 12008 Attempt to download checksum at https://download.qt.io/online/qtsdkrepository/windows_x86/desktop/qt6_690/qt6_690/qt.qt6.690.win64_msvc2022_64/6.9.0-0-202503301022qttranslations-Windows-Windows_11_23H2-MSVC2022-Windows-Windows_11_23H2-X86_64.7z.sha256
2026-04-04 10:39:10,521 - aqt.helper - INFO - helper 12008 Downloading qttranslations...
2026-04-04 10:39:10,521 - aqt.installer - DEBUG - installer 12008 Download URL: https://download.qt.io/online/qtsdkrepository/windows_x86/desktop/qt6_690/qt6_690/qt.qt6.690.win64_msvc2022_64/6.9.0-0-202503301022qttranslations-Windows-Windows_11_23H2-MSVC2022-Windows-Windows_11_23H2-X86_64.7z
2026-04-04 10:39:10,776 - aqt.helper - DEBUG - helper 12008 Asked to redirect(302) to: https://www.nic.funet.fi/pub/mirrors/download.qt-project.org/online/qtsdkrepository/windows_x86/desktop/qt6_690/qt6_690/qt.qt6.690.win64_msvc2022_64/6.9.0-0-202503301022qttranslations-Windows-Windows_11_23H2-MSVC2022-Windows-Windows_11_23H2-X86_64.7z
2026-04-04 10:39:10,776 - aqt.helper - INFO - helper 12008 Redirected: www.nic.funet.fi
2026-04-04 10:39:11,688 - aqt.installer - INFO - installer 12008 Finished installation of qttranslations-Windows-Windows_11_23H2-MSVC2022-Windows-Windows_11_23H2-X86_64.7z in 1.42731060
2026-04-04 10:39:11,701 - aqt.helper - DEBUG - helper 12008 Attempt to download checksum at https://download.qt.io/online/qtsdkrepository/windows_x86/desktop/qt6_690/qt6_690/qt.qt6.690.win64_msvc2022_64/6.9.0-0-202503301022d3dcompiler_47-x64.7z.sha256
2026-04-04 10:39:11,958 - aqt.helper - INFO - helper 12008 Downloading d3dcompiler_47...
2026-04-04 10:39:11,958 - aqt.installer - DEBUG - installer 12008 Download URL: https://download.qt.io/online/qtsdkrepository/windows_x86/desktop/qt6_690/qt6_690/qt.qt6.690.win64_msvc2022_64/6.9.0-0-202503301022d3dcompiler_47-x64.7z
2026-04-04 10:39:12,205 - aqt.helper - DEBUG - helper 12008 Asked to redirect(302) to: https://www.nic.funet.fi/pub/mirrors/download.qt-project.org/online/qtsdkrepository/windows_x86/desktop/qt6_690/qt6_690/qt.qt6.690.win64_msvc2022_64/6.9.0-0-202503301022d3dcompiler_47-x64.7z
2026-04-04 10:39:12,205 - aqt.helper - INFO - helper 12008 Redirected: www.nic.funet.fi
2026-04-04 10:39:12,935 - aqt.installer - INFO - installer 12008 Finished installation of d3dcompiler_47-x64.7z in 1.23630390
2026-04-04 10:39:13,406 - aqt.helper - DEBUG - helper 14136 Attempt to download checksum at https://download.qt.io/online/qtsdkrepository/windows_x86/desktop/qt6_690/qt6_690/qt.qt6.690.win64_msvc2022_64/6.9.0-0-202503301022opengl32sw-64-mesa_11_2_2-signed_sha256.7z.sha256
2026-04-04 10:39:13,678 - aqt.helper - INFO - helper 14136 Downloading opengl32sw...
2026-04-04 10:39:13,679 - aqt.installer - DEBUG - installer 14136 Download URL: https://download.qt.io/online/qtsdkrepository/windows_x86/desktop/qt6_690/qt6_690/qt.qt6.690.win64_msvc2022_64/6.9.0-0-202503301022opengl32sw-64-mesa_11_2_2-signed_sha256.7z
2026-04-04 10:39:13,927 - aqt.helper - DEBUG - helper 14136 Asked to redirect(302) to: https://www.nic.funet.fi/pub/mirrors/download.qt-project.org/online/qtsdkrepository/windows_x86/desktop/qt6_690/qt6_690/qt.qt6.690.win64_msvc2022_64/6.9.0-0-202503301022opengl32sw-64-mesa_11_2_2-signed_sha256.7z
2026-04-04 10:39:13,927 - aqt.helper - INFO - helper 14136 Redirected: www.nic.funet.fi
2026-04-04 10:39:14,770 - aqt.installer - INFO - installer 4120 Finished installation of qttools-Windows-Windows_11_23H2-MSVC2022-Windows-Windows_11_23H2-X86_64.7z in 5.53826250
2026-04-04 10:39:15,154 - aqt.installer - INFO - installer 14136 Finished installation of opengl32sw-64-mesa_11_2_2-signed_sha256.7z in 1.75003940
2026-04-04 10:39:18,754 - aqt.installer - INFO - installer 27108 Finished installation of qtbase-Windows-Windows_11_23H2-MSVC2022-Windows-Windows_11_23H2-X86_64.7z in 10.86674550
2026-04-04 10:39:36,243 - aqt.installer - INFO - installer 29832 Finished installation of qtdeclarative-Windows-Windows_11_23H2-MSVC2022-Windows-Windows_11_23H2-X86_64.7z in 27.13701010
2026-04-04 10:39:36,415 - aqt.updater - INFO - updater 27512 Patching C:\Qt\6.9.0\msvc2022_64\bin\qmake.exe
2026-04-04 10:39:36,419 - aqt.updater - INFO - updater 27512 Patching C:\Qt\6.9.0\msvc2022_64\lib\Qt6Concurrent.prl
2026-04-04 10:39:36,419 - aqt.updater - INFO - updater 27512 Patching C:\Qt\6.9.0\msvc2022_64\lib\Qt6Concurrentd.prl
2026-04-04 10:39:36,420 - aqt.updater - INFO - updater 27512 Patching C:\Qt\6.9.0\msvc2022_64\lib\Qt6Core.prl
2026-04-04 10:39:36,420 - aqt.updater - INFO - updater 27512 Patching C:\Qt\6.9.0\msvc2022_64\lib\Qt6Core5Compat.prl
2026-04-04 10:39:36,421 - aqt.updater - INFO - updater 27512 Patching C:\Qt\6.9.0\msvc2022_64\lib\Qt6Core5Compatd.prl
2026-04-04 10:39:36,421 - aqt.updater - INFO - updater 27512 Patching C:\Qt\6.9.0\msvc2022_64\lib\Qt6Cored.prl
2026-04-04 10:39:36,422 - aqt.updater - INFO - updater 27512 Patching C:\Qt\6.9.0\msvc2022_64\lib\Qt6DBus.prl
2026-04-04 10:39:36,423 - aqt.updater - INFO - updater 27512 Patching C:\Qt\6.9.0\msvc2022_64\lib\Qt6DBusd.prl
2026-04-04 10:39:36,423 - aqt.updater - INFO - updater 27512 Patching C:\Qt\6.9.0\msvc2022_64\lib\Qt6Designer.prl
2026-04-04 10:39:36,424 - aqt.updater - INFO - updater 27512 Patching C:\Qt\6.9.0\msvc2022_64\lib\Qt6DesignerComponents.prl
2026-04-04 10:39:36,425 - aqt.updater - INFO - updater 27512 Patching C:\Qt\6.9.0\msvc2022_64\lib\Qt6DesignerComponentsd.prl
2026-04-04 10:39:36,425 - aqt.updater - INFO - updater 27512 Patching C:\Qt\6.9.0\msvc2022_64\lib\Qt6Designerd.prl
2026-04-04 10:39:36,426 - aqt.updater - INFO - updater 27512 Patching C:\Qt\6.9.0\msvc2022_64\lib\Qt6DeviceDiscoverySupport.prl
2026-04-04 10:39:36,426 - aqt.updater - INFO - updater 27512 Patching C:\Qt\6.9.0\msvc2022_64\lib\Qt6DeviceDiscoverySupportd.prl
2026-04-04 10:39:36,427 - aqt.updater - INFO - updater 27512 Patching C:\Qt\6.9.0\msvc2022_64\lib\Qt6EntryPoint.prl
2026-04-04 10:39:36,428 - aqt.updater - INFO - updater 27512 Patching C:\Qt\6.9.0\msvc2022_64\lib\Qt6EntryPointd.prl
2026-04-04 10:39:36,429 - aqt.updater - INFO - updater 27512 Patching C:\Qt\6.9.0\msvc2022_64\lib\Qt6ExampleIcons.prl
2026-04-04 10:39:36,430 - aqt.updater - INFO - updater 27512 Patching C:\Qt\6.9.0\msvc2022_64\lib\Qt6ExampleIconsd.prl
2026-04-04 10:39:36,430 - aqt.updater - INFO - updater 27512 Patching C:\Qt\6.9.0\msvc2022_64\lib\Qt6ExamplesAssetDownloader.prl
2026-04-04 10:39:36,431 - aqt.updater - INFO - updater 27512 Patching C:\Qt\6.9.0\msvc2022_64\lib\Qt6ExamplesAssetDownloaderd.prl
2026-04-04 10:39:36,431 - aqt.updater - INFO - updater 27512 Patching C:\Qt\6.9.0\msvc2022_64\lib\Qt6FbSupport.prl
2026-04-04 10:39:36,432 - aqt.updater - INFO - updater 27512 Patching C:\Qt\6.9.0\msvc2022_64\lib\Qt6FbSupportd.prl
2026-04-04 10:39:36,432 - aqt.updater - INFO - updater 27512 Patching C:\Qt\6.9.0\msvc2022_64\lib\Qt6Gui.prl
2026-04-04 10:39:36,433 - aqt.updater - INFO - updater 27512 Patching C:\Qt\6.9.0\msvc2022_64\lib\Qt6Guid.prl
2026-04-04 10:39:36,434 - aqt.updater - INFO - updater 27512 Patching C:\Qt\6.9.0\msvc2022_64\lib\Qt6Help.prl
2026-04-04 10:39:36,435 - aqt.updater - INFO - updater 27512 Patching C:\Qt\6.9.0\msvc2022_64\lib\Qt6Helpd.prl
2026-04-04 10:39:36,435 - aqt.updater - INFO - updater 27512 Patching C:\Qt\6.9.0\msvc2022_64\lib\Qt6LabsAnimation.prl
2026-04-04 10:39:36,436 - aqt.updater - INFO - updater 27512 Patching C:\Qt\6.9.0\msvc2022_64\lib\Qt6LabsAnimationd.prl
2026-04-04 10:39:36,437 - aqt.updater - INFO - updater 27512 Patching C:\Qt\6.9.0\msvc2022_64\lib\Qt6LabsFolderListModel.prl
2026-04-04 10:39:36,438 - aqt.updater - INFO - updater 27512 Patching C:\Qt\6.9.0\msvc2022_64\lib\Qt6LabsFolderListModeld.prl
2026-04-04 10:39:36,438 - aqt.updater - INFO - updater 27512 Patching C:\Qt\6.9.0\msvc2022_64\lib\Qt6LabsPlatform.prl
2026-04-04 10:39:36,439 - aqt.updater - INFO - updater 27512 Patching C:\Qt\6.9.0\msvc2022_64\lib\Qt6LabsPlatformd.prl
2026-04-04 10:39:36,440 - aqt.updater - INFO - updater 27512 Patching C:\Qt\6.9.0\msvc2022_64\lib\Qt6LabsQmlModels.prl
2026-04-04 10:39:36,440 - aqt.updater - INFO - updater 27512 Patching C:\Qt\6.9.0\msvc2022_64\lib\Qt6LabsQmlModelsd.prl
2026-04-04 10:39:36,441 - aqt.updater - INFO - updater 27512 Patching C:\Qt\6.9.0\msvc2022_64\lib\Qt6LabsSettings.prl
2026-04-04 10:39:36,442 - aqt.updater - INFO - updater 27512 Patching C:\Qt\6.9.0\msvc2022_64\lib\Qt6LabsSettingsd.prl
2026-04-04 10:39:36,442 - aqt.updater - INFO - updater 27512 Patching C:\Qt\6.9.0\msvc2022_64\lib\Qt6LabsSharedImage.prl
2026-04-04 10:39:36,443 - aqt.updater - INFO - updater 27512 Patching C:\Qt\6.9.0\msvc2022_64\lib\Qt6LabsSharedImaged.prl
2026-04-04 10:39:36,444 - aqt.updater - INFO - updater 27512 Patching C:\Qt\6.9.0\msvc2022_64\lib\Qt6LabsWavefrontMesh.prl
2026-04-04 10:39:36,444 - aqt.updater - INFO - updater 27512 Patching C:\Qt\6.9.0\msvc2022_64\lib\Qt6LabsWavefrontMeshd.prl
2026-04-04 10:39:36,445 - aqt.updater - INFO - updater 27512 Patching C:\Qt\6.9.0\msvc2022_64\lib\Qt6Network.prl
2026-04-04 10:39:36,446 - aqt.updater - INFO - updater 27512 Patching C:\Qt\6.9.0\msvc2022_64\lib\Qt6Networkd.prl
2026-04-04 10:39:36,446 - aqt.updater - INFO - updater 27512 Patching C:\Qt\6.9.0\msvc2022_64\lib\Qt6OpenGL.prl
2026-04-04 10:39:36,447 - aqt.updater - INFO - updater 27512 Patching C:\Qt\6.9.0\msvc2022_64\lib\Qt6OpenGLd.prl
2026-04-04 10:39:36,448 - aqt.updater - INFO - updater 27512 Patching C:\Qt\6.9.0\msvc2022_64\lib\Qt6OpenGLWidgets.prl
2026-04-04 10:39:36,449 - aqt.updater - INFO - updater 27512 Patching C:\Qt\6.9.0\msvc2022_64\lib\Qt6OpenGLWidgetsd.prl
2026-04-04 10:39:36,449 - aqt.updater - INFO - updater 27512 Patching C:\Qt\6.9.0\msvc2022_64\lib\Qt6PacketProtocol.prl
2026-04-04 10:39:36,450 - aqt.updater - INFO - updater 27512 Patching C:\Qt\6.9.0\msvc2022_64\lib\Qt6PacketProtocold.prl
2026-04-04 10:39:36,451 - aqt.updater - INFO - updater 27512 Patching C:\Qt\6.9.0\msvc2022_64\lib\Qt6PrintSupport.prl
2026-04-04 10:39:36,451 - aqt.updater - INFO - updater 27512 Patching C:\Qt\6.9.0\msvc2022_64\lib\Qt6PrintSupportd.prl
2026-04-04 10:39:36,452 - aqt.updater - INFO - updater 27512 Patching C:\Qt\6.9.0\msvc2022_64\lib\Qt6Qml.prl
2026-04-04 10:39:36,452 - aqt.updater - INFO - updater 27512 Patching C:\Qt\6.9.0\msvc2022_64\lib\Qt6QmlAssetDownloader.prl
2026-04-04 10:39:36,453 - aqt.updater - INFO - updater 27512 Patching C:\Qt\6.9.0\msvc2022_64\lib\Qt6QmlAssetDownloaderd.prl
2026-04-04 10:39:36,453 - aqt.updater - INFO - updater 27512 Patching C:\Qt\6.9.0\msvc2022_64\lib\Qt6QmlCompiler.prl
2026-04-04 10:39:36,454 - aqt.updater - INFO - updater 27512 Patching C:\Qt\6.9.0\msvc2022_64\lib\Qt6QmlCompilerd.prl
2026-04-04 10:39:36,454 - aqt.updater - INFO - updater 27512 Patching C:\Qt\6.9.0\msvc2022_64\lib\Qt6QmlCore.prl
2026-04-04 10:39:36,454 - aqt.updater - INFO - updater 27512 Patching C:\Qt\6.9.0\msvc2022_64\lib\Qt6QmlCored.prl
2026-04-04 10:39:36,455 - aqt.updater - INFO - updater 27512 Patching C:\Qt\6.9.0\msvc2022_64\lib\Qt6Qmld.prl
2026-04-04 10:39:36,455 - aqt.updater - INFO - updater 27512 Patching C:\Qt\6.9.0\msvc2022_64\lib\Qt6QmlDebug.prl
2026-04-04 10:39:36,456 - aqt.updater - INFO - updater 27512 Patching C:\Qt\6.9.0\msvc2022_64\lib\Qt6QmlDebugd.prl
2026-04-04 10:39:36,457 - aqt.updater - INFO - updater 27512 Patching C:\Qt\6.9.0\msvc2022_64\lib\Qt6QmlDom.prl
2026-04-04 10:39:36,458 - aqt.updater - INFO - updater 27512 Patching C:\Qt\6.9.0\msvc2022_64\lib\Qt6QmlDomd.prl
2026-04-04 10:39:36,459 - aqt.updater - INFO - updater 27512 Patching C:\Qt\6.9.0\msvc2022_64\lib\Qt6QmlFormat.prl
2026-04-04 10:39:36,460 - aqt.updater - INFO - updater 27512 Patching C:\Qt\6.9.0\msvc2022_64\lib\Qt6QmlFormatd.prl
2026-04-04 10:39:36,460 - aqt.updater - INFO - updater 27512 Patching C:\Qt\6.9.0\msvc2022_64\lib\Qt6QmlLocalStorage.prl
2026-04-04 10:39:36,461 - aqt.updater - INFO - updater 27512 Patching C:\Qt\6.9.0\msvc2022_64\lib\Qt6QmlLocalStoraged.prl
2026-04-04 10:39:36,461 - aqt.updater - INFO - updater 27512 Patching C:\Qt\6.9.0\msvc2022_64\lib\Qt6QmlLS.prl
2026-04-04 10:39:36,461 - aqt.updater - INFO - updater 27512 Patching C:\Qt\6.9.0\msvc2022_64\lib\Qt6QmlLSd.prl
2026-04-04 10:39:36,462 - aqt.updater - INFO - updater 27512 Patching C:\Qt\6.9.0\msvc2022_64\lib\Qt6QmlMeta.prl
2026-04-04 10:39:36,463 - aqt.updater - INFO - updater 27512 Patching C:\Qt\6.9.0\msvc2022_64\lib\Qt6QmlMetad.prl
2026-04-04 10:39:36,464 - aqt.updater - INFO - updater 27512 Patching C:\Qt\6.9.0\msvc2022_64\lib\Qt6QmlModels.prl
2026-04-04 10:39:36,465 - aqt.updater - INFO - updater 27512 Patching C:\Qt\6.9.0\msvc2022_64\lib\Qt6QmlModelsd.prl
2026-04-04 10:39:36,465 - aqt.updater - INFO - updater 27512 Patching C:\Qt\6.9.0\msvc2022_64\lib\Qt6QmlNetwork.prl
2026-04-04 10:39:36,466 - aqt.updater - INFO - updater 27512 Patching C:\Qt\6.9.0\msvc2022_64\lib\Qt6QmlNetworkd.prl
2026-04-04 10:39:36,466 - aqt.updater - INFO - updater 27512 Patching C:\Qt\6.9.0\msvc2022_64\lib\Qt6QmlToolingSettings.prl
2026-04-04 10:39:36,467 - aqt.updater - INFO - updater 27512 Patching C:\Qt\6.9.0\msvc2022_64\lib\Qt6QmlToolingSettingsd.prl
2026-04-04 10:39:36,467 - aqt.updater - INFO - updater 27512 Patching C:\Qt\6.9.0\msvc2022_64\lib\Qt6QmlTypeRegistrar.prl
2026-04-04 10:39:36,468 - aqt.updater - INFO - updater 27512 Patching C:\Qt\6.9.0\msvc2022_64\lib\Qt6QmlTypeRegistrard.prl
2026-04-04 10:39:36,468 - aqt.updater - INFO - updater 27512 Patching C:\Qt\6.9.0\msvc2022_64\lib\Qt6QmlWorkerScript.prl
2026-04-04 10:39:36,469 - aqt.updater - INFO - updater 27512 Patching C:\Qt\6.9.0\msvc2022_64\lib\Qt6QmlWorkerScriptd.prl
2026-04-04 10:39:36,469 - aqt.updater - INFO - updater 27512 Patching C:\Qt\6.9.0\msvc2022_64\lib\Qt6QmlXmlListModel.prl
2026-04-04 10:39:36,470 - aqt.updater - INFO - updater 27512 Patching C:\Qt\6.9.0\msvc2022_64\lib\Qt6QmlXmlListModeld.prl
2026-04-04 10:39:36,471 - aqt.updater - INFO - updater 27512 Patching C:\Qt\6.9.0\msvc2022_64\lib\Qt6Quick.prl
2026-04-04 10:39:36,471 - aqt.updater - INFO - updater 27512 Patching C:\Qt\6.9.0\msvc2022_64\lib\Qt6QuickControls2.prl
2026-04-04 10:39:36,472 - aqt.updater - INFO - updater 27512 Patching C:\Qt\6.9.0\msvc2022_64\lib\Qt6QuickControls2Basic.prl
2026-04-04 10:39:36,472 - aqt.updater - INFO - updater 27512 Patching C:\Qt\6.9.0\msvc2022_64\lib\Qt6QuickControls2Basicd.prl
2026-04-04 10:39:36,473 - aqt.updater - INFO - updater 27512 Patching C:\Qt\6.9.0\msvc2022_64\lib\Qt6QuickControls2BasicStyleImpl.prl
2026-04-04 10:39:36,473 - aqt.updater - INFO - updater 27512 Patching C:\Qt\6.9.0\msvc2022_64\lib\Qt6QuickControls2BasicStyleImpld.prl
2026-04-04 10:39:36,474 - aqt.updater - INFO - updater 27512 Patching C:\Qt\6.9.0\msvc2022_64\lib\Qt6QuickControls2d.prl
2026-04-04 10:39:36,474 - aqt.updater - INFO - updater 27512 Patching C:\Qt\6.9.0\msvc2022_64\lib\Qt6QuickControls2FluentWinUI3StyleImpl.prl
2026-04-04 10:39:36,474 - aqt.updater - INFO - updater 27512 Patching C:\Qt\6.9.0\msvc2022_64\lib\Qt6QuickControls2FluentWinUI3StyleImpld.prl
2026-04-04 10:39:36,475 - aqt.updater - INFO - updater 27512 Patching C:\Qt\6.9.0\msvc2022_64\lib\Qt6QuickControls2Fusion.prl
2026-04-04 10:39:36,476 - aqt.updater - INFO - updater 27512 Patching C:\Qt\6.9.0\msvc2022_64\lib\Qt6QuickControls2Fusiond.prl
2026-04-04 10:39:36,477 - aqt.updater - INFO - updater 27512 Patching C:\Qt\6.9.0\msvc2022_64\lib\Qt6QuickControls2FusionStyleImpl.prl
2026-04-04 10:39:36,478 - aqt.updater - INFO - updater 27512 Patching C:\Qt\6.9.0\msvc2022_64\lib\Qt6QuickControls2FusionStyleImpld.prl
2026-04-04 10:39:36,479 - aqt.updater - INFO - updater 27512 Patching C:\Qt\6.9.0\msvc2022_64\lib\Qt6QuickControls2Imagine.prl
2026-04-04 10:39:36,479 - aqt.updater - INFO - updater 27512 Patching C:\Qt\6.9.0\msvc2022_64\lib\Qt6QuickControls2Imagined.prl
2026-04-04 10:39:36,479 - aqt.updater - INFO - updater 27512 Patching C:\Qt\6.9.0\msvc2022_64\lib\Qt6QuickControls2ImagineStyleImpl.prl
2026-04-04 10:39:36,480 - aqt.updater - INFO - updater 27512 Patching C:\Qt\6.9.0\msvc2022_64\lib\Qt6QuickControls2ImagineStyleImpld.prl
2026-04-04 10:39:36,480 - aqt.updater - INFO - updater 27512 Patching C:\Qt\6.9.0\msvc2022_64\lib\Qt6QuickControls2Impl.prl
2026-04-04 10:39:36,481 - aqt.updater - INFO - updater 27512 Patching C:\Qt\6.9.0\msvc2022_64\lib\Qt6QuickControls2Impld.prl
2026-04-04 10:39:36,481 - aqt.updater - INFO - updater 27512 Patching C:\Qt\6.9.0\msvc2022_64\lib\Qt6QuickControls2Material.prl
2026-04-04 10:39:36,482 - aqt.updater - INFO - updater 27512 Patching C:\Qt\6.9.0\msvc2022_64\lib\Qt6QuickControls2Materiald.prl
2026-04-04 10:39:36,482 - aqt.updater - INFO - updater 27512 Patching C:\Qt\6.9.0\msvc2022_64\lib\Qt6QuickControls2MaterialStyleImpl.prl
2026-04-04 10:39:36,483 - aqt.updater - INFO - updater 27512 Patching C:\Qt\6.9.0\msvc2022_64\lib\Qt6QuickControls2MaterialStyleImpld.prl
2026-04-04 10:39:36,484 - aqt.updater - INFO - updater 27512 Patching C:\Qt\6.9.0\msvc2022_64\lib\Qt6QuickControls2Universal.prl
2026-04-04 10:39:36,485 - aqt.updater - INFO - updater 27512 Patching C:\Qt\6.9.0\msvc2022_64\lib\Qt6QuickControls2Universald.prl
2026-04-04 10:39:36,485 - aqt.updater - INFO - updater 27512 Patching C:\Qt\6.9.0\msvc2022_64\lib\Qt6QuickControls2UniversalStyleImpl.prl
2026-04-04 10:39:36,486 - aqt.updater - INFO - updater 27512 Patching C:\Qt\6.9.0\msvc2022_64\lib\Qt6QuickControls2UniversalStyleImpld.prl
2026-04-04 10:39:36,486 - aqt.updater - INFO - updater 27512 Patching C:\Qt\6.9.0\msvc2022_64\lib\Qt6QuickControls2WindowsStyleImpl.prl
2026-04-04 10:39:36,487 - aqt.updater - INFO - updater 27512 Patching C:\Qt\6.9.0\msvc2022_64\lib\Qt6QuickControls2WindowsStyleImpld.prl
2026-04-04 10:39:36,488 - aqt.updater - INFO - updater 27512 Patching C:\Qt\6.9.0\msvc2022_64\lib\Qt6QuickControlsTestUtils.prl
2026-04-04 10:39:36,488 - aqt.updater - INFO - updater 27512 Patching C:\Qt\6.9.0\msvc2022_64\lib\Qt6QuickControlsTestUtilsd.prl
2026-04-04 10:39:36,489 - aqt.updater - INFO - updater 27512 Patching C:\Qt\6.9.0\msvc2022_64\lib\Qt6Quickd.prl
2026-04-04 10:39:36,490 - aqt.updater - INFO - updater 27512 Patching C:\Qt\6.9.0\msvc2022_64\lib\Qt6QuickDialogs2.prl
2026-04-04 10:39:36,490 - aqt.updater - INFO - updater 27512 Patching C:\Qt\6.9.0\msvc2022_64\lib\Qt6QuickDialogs2d.prl
2026-04-04 10:39:36,490 - aqt.updater - INFO - updater 27512 Patching C:\Qt\6.9.0\msvc2022_64\lib\Qt6QuickDialogs2QuickImpl.prl
2026-04-04 10:39:36,491 - aqt.updater - INFO - updater 27512 Patching C:\Qt\6.9.0\msvc2022_64\lib\Qt6QuickDialogs2QuickImpld.prl
2026-04-04 10:39:36,491 - aqt.updater - INFO - updater 27512 Patching C:\Qt\6.9.0\msvc2022_64\lib\Qt6QuickDialogs2Utils.prl
2026-04-04 10:39:36,492 - aqt.updater - INFO - updater 27512 Patching C:\Qt\6.9.0\msvc2022_64\lib\Qt6QuickDialogs2Utilsd.prl
2026-04-04 10:39:36,492 - aqt.updater - INFO - updater 27512 Patching C:\Qt\6.9.0\msvc2022_64\lib\Qt6QuickEffects.prl
2026-04-04 10:39:36,492 - aqt.updater - INFO - updater 27512 Patching C:\Qt\6.9.0\msvc2022_64\lib\Qt6QuickEffectsd.prl
2026-04-04 10:39:36,493 - aqt.updater - INFO - updater 27512 Patching C:\Qt\6.9.0\msvc2022_64\lib\Qt6QuickLayouts.prl
2026-04-04 10:39:36,494 - aqt.updater - INFO - updater 27512 Patching C:\Qt\6.9.0\msvc2022_64\lib\Qt6QuickLayoutsd.prl
2026-04-04 10:39:36,495 - aqt.updater - INFO - updater 27512 Patching C:\Qt\6.9.0\msvc2022_64\lib\Qt6QuickParticles.prl
2026-04-04 10:39:36,496 - aqt.updater - INFO - updater 27512 Patching C:\Qt\6.9.0\msvc2022_64\lib\Qt6QuickParticlesd.prl
2026-04-04 10:39:36,497 - aqt.updater - INFO - updater 27512 Patching C:\Qt\6.9.0\msvc2022_64\lib\Qt6QuickShapes.prl
2026-04-04 10:39:36,497 - aqt.updater - INFO - updater 27512 Patching C:\Qt\6.9.0\msvc2022_64\lib\Qt6QuickShapesd.prl
2026-04-04 10:39:36,498 - aqt.updater - INFO - updater 27512 Patching C:\Qt\6.9.0\msvc2022_64\lib\Qt6QuickTemplates2.prl
2026-04-04 10:39:36,498 - aqt.updater - INFO - updater 27512 Patching C:\Qt\6.9.0\msvc2022_64\lib\Qt6QuickTemplates2d.prl
2026-04-04 10:39:36,499 - aqt.updater - INFO - updater 27512 Patching C:\Qt\6.9.0\msvc2022_64\lib\Qt6QuickTest.prl
2026-04-04 10:39:36,500 - aqt.updater - INFO - updater 27512 Patching C:\Qt\6.9.0\msvc2022_64\lib\Qt6QuickTestd.prl
2026-04-04 10:39:36,500 - aqt.updater - INFO - updater 27512 Patching C:\Qt\6.9.0\msvc2022_64\lib\Qt6QuickTestUtils.prl
2026-04-04 10:39:36,501 - aqt.updater - INFO - updater 27512 Patching C:\Qt\6.9.0\msvc2022_64\lib\Qt6QuickTestUtilsd.prl
2026-04-04 10:39:36,501 - aqt.updater - INFO - updater 27512 Patching C:\Qt\6.9.0\msvc2022_64\lib\Qt6QuickVectorImage.prl
2026-04-04 10:39:36,502 - aqt.updater - INFO - updater 27512 Patching C:\Qt\6.9.0\msvc2022_64\lib\Qt6QuickVectorImaged.prl
2026-04-04 10:39:36,502 - aqt.updater - INFO - updater 27512 Patching C:\Qt\6.9.0\msvc2022_64\lib\Qt6QuickVectorImageGenerator.prl
2026-04-04 10:39:36,503 - aqt.updater - INFO - updater 27512 Patching C:\Qt\6.9.0\msvc2022_64\lib\Qt6QuickVectorImageGeneratord.prl
2026-04-04 10:39:36,503 - aqt.updater - INFO - updater 27512 Patching C:\Qt\6.9.0\msvc2022_64\lib\Qt6QuickWidgets.prl
2026-04-04 10:39:36,504 - aqt.updater - INFO - updater 27512 Patching C:\Qt\6.9.0\msvc2022_64\lib\Qt6QuickWidgetsd.prl
2026-04-04 10:39:36,504 - aqt.updater - INFO - updater 27512 Patching C:\Qt\6.9.0\msvc2022_64\lib\Qt6Sql.prl
2026-04-04 10:39:36,505 - aqt.updater - INFO - updater 27512 Patching C:\Qt\6.9.0\msvc2022_64\lib\Qt6Sqld.prl
2026-04-04 10:39:36,505 - aqt.updater - INFO - updater 27512 Patching C:\Qt\6.9.0\msvc2022_64\lib\Qt6Svg.prl
2026-04-04 10:39:36,506 - aqt.updater - INFO - updater 27512 Patching C:\Qt\6.9.0\msvc2022_64\lib\Qt6Svgd.prl
2026-04-04 10:39:36,507 - aqt.updater - INFO - updater 27512 Patching C:\Qt\6.9.0\msvc2022_64\lib\Qt6SvgWidgets.prl
2026-04-04 10:39:36,508 - aqt.updater - INFO - updater 27512 Patching C:\Qt\6.9.0\msvc2022_64\lib\Qt6SvgWidgetsd.prl
2026-04-04 10:39:36,508 - aqt.updater - INFO - updater 27512 Patching C:\Qt\6.9.0\msvc2022_64\lib\Qt6Test.prl
2026-04-04 10:39:36,509 - aqt.updater - INFO - updater 27512 Patching C:\Qt\6.9.0\msvc2022_64\lib\Qt6Testd.prl
2026-04-04 10:39:36,509 - aqt.updater - INFO - updater 27512 Patching C:\Qt\6.9.0\msvc2022_64\lib\Qt6UiTools.prl
2026-04-04 10:39:36,510 - aqt.updater - INFO - updater 27512 Patching C:\Qt\6.9.0\msvc2022_64\lib\Qt6UiToolsd.prl
2026-04-04 10:39:36,510 - aqt.updater - INFO - updater 27512 Patching C:\Qt\6.9.0\msvc2022_64\lib\Qt6WebSockets.prl
2026-04-04 10:39:36,510 - aqt.updater - INFO - updater 27512 Patching C:\Qt\6.9.0\msvc2022_64\lib\Qt6WebSocketsd.prl
2026-04-04 10:39:36,511 - aqt.updater - INFO - updater 27512 Patching C:\Qt\6.9.0\msvc2022_64\lib\Qt6Widgets.prl
2026-04-04 10:39:36,512 - aqt.updater - INFO - updater 27512 Patching C:\Qt\6.9.0\msvc2022_64\lib\Qt6Widgetsd.prl
2026-04-04 10:39:36,513 - aqt.updater - INFO - updater 27512 Patching C:\Qt\6.9.0\msvc2022_64\lib\Qt6Xml.prl
2026-04-04 10:39:36,514 - aqt.updater - INFO - updater 27512 Patching C:\Qt\6.9.0\msvc2022_64\lib\Qt6Xmld.prl
2026-04-04 10:39:36,515 - aqt.main - INFO - installer 27512 Finished installation
2026-04-04 10:39:36,515 - aqt.main - INFO - installer 27512 Time elapsed: 31.27337700 second
